// Jest Snapshot v1, https://goo.gl/fbAQLP

exports[`Preloader Test should render with props 1`] = `
<Styled(MuiBox)
  bgcolor="rgba(0,0,0,0.2)"
  height="100%"
  left="0"
  position="absolute"
  top="0"
  width="100%"
  zIndex="100"
>
  <div
    className="makeStyles-root-1"
  >
    <WithStyles(ForwardRef(CircularProgress)) />
  </div>
</Styled(MuiBox)>
`;

exports[`Preloader Test should render without props 1`] = `""`;
